// Jest Snapshot v1, https://jestjs.io/docs/snapshot-testing

exports[`cognito resource server 1`] = `
Object {
  "Resources": Object {
    "CognitoResourceServer0B86DEED": Object {
      "DeletionPolicy": "Delete",
      "Properties": Object {
        "Environment": "test",
        "Identifier": "testIdentifier",
        "Name": "testName",
        "Scopes": Array [
          Object {
            "Description": "testScopeDescription",
            "Name": "testScopeName",
          },
        ],
        "ServiceToken": "serviceToken",
      },
      "Type": "Custom::VyCognitoResourceServer",
      "UpdateReplacePolicy": "Delete",
    },
  },
}
`;
